{
    "message": "Hello, goldie!",
    "processed": true,
    "random": 3
}